This is pdfTeX, Version 3.141592653-2.6-1.40.25 (MiKTeX 23.12) (preloaded format=pdflatex 2025.3.24)  14 SEP 2025 22:51
entering extended mode
 restricted \write18 enabled.
 file:line:error style messages enabled.
 %&-line parsing enabled.
**/home/enrico/Projects/uni/acs/report/main.tex
(/home/enrico/Projects/uni/acs/report/main.tex
LaTeX2e <2024-11-01> patch level 2
L3 programming layer <2025-01-18>
(/usr/local/share/miktex-texmf/tex/latex/base/article.cls
Document Class: article 2024/06/29 v1.4n Standard LaTeX document class
(/usr/local/share/miktex-texmf/tex/latex/base/size10.clo
File: size10.clo 2024/06/29 v1.4n Standard LaTeX file (size option)
)
\c@part=\count196
\c@section=\count197
\c@subsection=\count198
\c@subsubsection=\count199
\c@paragraph=\count266
\c@subparagraph=\count267
\c@figure=\count268
\c@table=\count269
\abovecaptionskip=\skip49
\belowcaptionskip=\skip50
\bibindent=\dimen141
) (/usr/local/share/miktex-texmf/tex/latex/graphics/graphicx.sty
Package: graphicx 2021/09/16 v1.2d Enhanced LaTeX Graphics (DPC,SPQR)
 (/usr/local/share/miktex-texmf/tex/latex/graphics/keyval.sty
Package: keyval 2022/05/29 v1.15 key=value parser (DPC)
\KV@toks@=\toks17
) (/usr/local/share/miktex-texmf/tex/latex/graphics/graphics.sty
Package: graphics 2024/08/06 v1.4g Standard LaTeX Graphics (DPC,SPQR)
 (/usr/local/share/miktex-texmf/tex/latex/graphics/trig.sty
Package: trig 2023/12/02 v1.11 sin cos tan (DPC)
) (/usr/local/share/miktex-texmf/tex/latex/graphics-cfg/graphics.cfg
File: graphics.cfg 2016/06/04 v1.11 sample graphics configuration
)
Package graphics Info: Driver file: pdftex.def on input line 106.
 (/usr/local/share/miktex-texmf/tex/latex/graphics-def/pdftex.def
File: pdftex.def 2024/04/13 v1.2c Graphics/color driver for pdftex
))
\Gin@req@height=\dimen142
\Gin@req@width=\dimen143
) (/usr/local/share/miktex-texmf/tex/latex/blindtext/blindtext.sty
Package: blindtext 2012/01/06 V2.0 blindtext-Package
 (/usr/local/share/miktex-texmf/tex/latex/tools/xspace.sty
Package: xspace 2014/10/28 v1.13 Space after command names (DPC,MH)
)
\c@blindtext=\count270
\c@Blindtext=\count271
\c@blind@countparstart=\count272
\blind@countxx=\count273
\blindtext@numBlindtext=\count274
\blind@countyy=\count275
\c@blindlist=\count276
\c@blindlistlevel=\count277
\c@blindlist@level=\count278
\blind@listitem=\count279
\c@blind@listcount=\count280
\c@blind@levelcount=\count281
\blind@mathformula=\count282
\blind@Mathformula=\count283
\c@blind@randomcount=\count284
\c@blind@randommax=\count285
\c@blind@pangramcount=\count286
\c@blind@pangrammax=\count287
) (/home/enrico/.miktex/texmfs/install/tex/latex/titlesec/titlesec.sty
Package: titlesec 2025/01/04 v2.17 Sectioning titles
\ttl@box=\box52
\beforetitleunit=\skip51
\aftertitleunit=\skip52
\ttl@plus=\dimen144
\ttl@minus=\dimen145
\ttl@toksa=\toks18
\titlewidth=\dimen146
\titlewidthlast=\dimen147
\titlewidthfirst=\dimen148
) (/home/enrico/.miktex/texmfs/install/tex/latex/subfig/subfig.sty
Package: subfig 2005/06/28 ver: 1.3 subfig package
 (/home/enrico/.miktex/texmfs/install/tex/latex/caption/caption.sty
Package: caption 2023/08/05 v3.6o Customizing captions (AR)
 (/home/enrico/.miktex/texmfs/install/tex/latex/caption/caption3.sty
Package: caption3 2023/07/31 v2.4d caption3 kernel (AR)
\caption@tempdima=\dimen149
\captionmargin=\dimen150
\caption@leftmargin=\dimen151
\caption@rightmargin=\dimen152
\caption@width=\dimen153
\caption@indent=\dimen154
\caption@parindent=\dimen155
\caption@hangindent=\dimen156
Package caption Info: Standard document class detected.
)
\c@caption@flags=\count288
\c@continuedfloat=\count289
)
\c@KVtest=\count290
\sf@farskip=\skip53
\sf@captopadj=\dimen157
\sf@capskip=\skip54
\sf@nearskip=\skip55
\c@subfigure=\count291
\c@subfigure@save=\count292
\c@lofdepth=\count293
\c@subtable=\count294
\c@subtable@save=\count295
\c@lotdepth=\count296
\sf@top=\skip56
\sf@bottom=\skip57
) (/home/enrico/.miktex/texmfs/install/tex/latex/kinematikz/kinematikz.sty
Package: kinematikz 2021/12/21 kinematikz definitions Package
 (/usr/local/share/miktex-texmf/tex/latex/pgf/frontendlayer/tikz.sty (/usr/local/share/miktex-texmf/tex/latex/pgf/basiclayer/pgf.sty (/usr/local/share/miktex-texmf/tex/latex/pgf/utilities/pgfrcs.sty (/usr/local/share/miktex-texmf/tex/generic/pgf/utilities/pgfutil-common.tex
\pgfutil@everybye=\toks19
\pgfutil@tempdima=\dimen158
\pgfutil@tempdimb=\dimen159
) (/usr/local/share/miktex-texmf/tex/generic/pgf/utilities/pgfutil-latex.def
\pgfutil@abb=\box53
) (/usr/local/share/miktex-texmf/tex/generic/pgf/utilities/pgfrcs.code.tex (/usr/local/share/miktex-texmf/tex/generic/pgf/pgf.revision.tex)
Package: pgfrcs 2023-01-15 v3.1.10 (3.1.10)
))
Package: pgf 2023-01-15 v3.1.10 (3.1.10)
 (/usr/local/share/miktex-texmf/tex/latex/pgf/basiclayer/pgfcore.sty (/usr/local/share/miktex-texmf/tex/latex/pgf/systemlayer/pgfsys.sty (/usr/local/share/miktex-texmf/tex/generic/pgf/systemlayer/pgfsys.code.tex
Package: pgfsys 2023-01-15 v3.1.10 (3.1.10)
 (/usr/local/share/miktex-texmf/tex/generic/pgf/utilities/pgfkeys.code.tex
\pgfkeys@pathtoks=\toks20
\pgfkeys@temptoks=\toks21
 (/usr/local/share/miktex-texmf/tex/generic/pgf/utilities/pgfkeyslibraryfiltered.code.tex
\pgfkeys@tmptoks=\toks22
))
\pgf@x=\dimen160
\pgf@y=\dimen161
\pgf@xa=\dimen162
\pgf@ya=\dimen163
\pgf@xb=\dimen164
\pgf@yb=\dimen165
\pgf@xc=\dimen166
\pgf@yc=\dimen167
\pgf@xd=\dimen168
\pgf@yd=\dimen169
\w@pgf@writea=\write3
\r@pgf@reada=\read2
\c@pgf@counta=\count297
\c@pgf@countb=\count298
\c@pgf@countc=\count299
\c@pgf@countd=\count300
\t@pgf@toka=\toks23
\t@pgf@tokb=\toks24
\t@pgf@tokc=\toks25
\pgf@sys@id@count=\count301
 (/usr/local/share/miktex-texmf/tex/generic/pgf/systemlayer/pgf.cfg
File: pgf.cfg 2023-01-15 v3.1.10 (3.1.10)
)
Driver file for pgf: pgfsys-pdftex.def
 (/usr/local/share/miktex-texmf/tex/generic/pgf/systemlayer/pgfsys-pdftex.def
File: pgfsys-pdftex.def 2023-01-15 v3.1.10 (3.1.10)
 (/usr/local/share/miktex-texmf/tex/generic/pgf/systemlayer/pgfsys-common-pdf.def
File: pgfsys-common-pdf.def 2023-01-15 v3.1.10 (3.1.10)
))) (/usr/local/share/miktex-texmf/tex/generic/pgf/systemlayer/pgfsyssoftpath.code.tex
File: pgfsyssoftpath.code.tex 2023-01-15 v3.1.10 (3.1.10)
\pgfsyssoftpath@smallbuffer@items=\count302
\pgfsyssoftpath@bigbuffer@items=\count303
) (/usr/local/share/miktex-texmf/tex/generic/pgf/systemlayer/pgfsysprotocol.code.tex
File: pgfsysprotocol.code.tex 2023-01-15 v3.1.10 (3.1.10)
)) (/usr/local/share/miktex-texmf/tex/latex/xcolor/xcolor.sty
Package: xcolor 2024/09/29 v3.02 LaTeX color extensions (UK)
 (/usr/local/share/miktex-texmf/tex/latex/graphics-cfg/color.cfg
File: color.cfg 2016/01/02 v1.6 sample color configuration
)
Package xcolor Info: Driver file: pdftex.def on input line 274.
 (/usr/local/share/miktex-texmf/tex/latex/graphics/mathcolor.ltx)
Package xcolor Info: Model `cmy' substituted by `cmy0' on input line 1349.
Package xcolor Info: Model `hsb' substituted by `rgb' on input line 1353.
Package xcolor Info: Model `RGB' extended on input line 1365.
Package xcolor Info: Model `HTML' substituted by `rgb' on input line 1367.
Package xcolor Info: Model `Hsb' substituted by `hsb' on input line 1368.
Package xcolor Info: Model `tHsb' substituted by `hsb' on input line 1369.
Package xcolor Info: Model `HSB' substituted by `hsb' on input line 1370.
Package xcolor Info: Model `Gray' substituted by `gray' on input line 1371.
Package xcolor Info: Model `wave' substituted by `hsb' on input line 1372.
) (/usr/local/share/miktex-texmf/tex/generic/pgf/basiclayer/pgfcore.code.tex
Package: pgfcore 2023-01-15 v3.1.10 (3.1.10)
 (/usr/local/share/miktex-texmf/tex/generic/pgf/math/pgfmath.code.tex (/usr/local/share/miktex-texmf/tex/generic/pgf/math/pgfmathutil.code.tex) (/usr/local/share/miktex-texmf/tex/generic/pgf/math/pgfmathparser.code.tex
\pgfmath@dimen=\dimen170
\pgfmath@count=\count304
\pgfmath@box=\box54
\pgfmath@toks=\toks26
\pgfmath@stack@operand=\toks27
\pgfmath@stack@operation=\toks28
) (/usr/local/share/miktex-texmf/tex/generic/pgf/math/pgfmathfunctions.code.tex) (/usr/local/share/miktex-texmf/tex/generic/pgf/math/pgfmathfunctions.basic.code.tex) (/usr/local/share/miktex-texmf/tex/generic/pgf/math/pgfmathfunctions.trigonometric.code.tex) (/usr/local/share/miktex-texmf/tex/generic/pgf/math/pgfmathfunctions.random.code.tex) (/usr/local/share/miktex-texmf/tex/generic/pgf/math/pgfmathfunctions.comparison.code.tex) (/usr/local/share/miktex-texmf/tex/generic/pgf/math/pgfmathfunctions.base.code.tex) (/usr/local/share/miktex-texmf/tex/generic/pgf/math/pgfmathfunctions.round.code.tex) (/usr/local/share/miktex-texmf/tex/generic/pgf/math/pgfmathfunctions.misc.code.tex) (/usr/local/share/miktex-texmf/tex/generic/pgf/math/pgfmathfunctions.integerarithmetics.code.tex) (/usr/local/share/miktex-texmf/tex/generic/pgf/math/pgfmathcalc.code.tex) (/usr/local/share/miktex-texmf/tex/generic/pgf/math/pgfmathfloat.code.tex
\c@pgfmathroundto@lastzeros=\count305
)) (/usr/local/share/miktex-texmf/tex/generic/pgf/math/pgfint.code.tex) (/usr/local/share/miktex-texmf/tex/generic/pgf/basiclayer/pgfcorepoints.code.tex
File: pgfcorepoints.code.tex 2023-01-15 v3.1.10 (3.1.10)
\pgf@picminx=\dimen171
\pgf@picmaxx=\dimen172
\pgf@picminy=\dimen173
\pgf@picmaxy=\dimen174
\pgf@pathminx=\dimen175
\pgf@pathmaxx=\dimen176
\pgf@pathminy=\dimen177
\pgf@pathmaxy=\dimen178
\pgf@xx=\dimen179
\pgf@xy=\dimen180
\pgf@yx=\dimen181
\pgf@yy=\dimen182
\pgf@zx=\dimen183
\pgf@zy=\dimen184
) (/usr/local/share/miktex-texmf/tex/generic/pgf/basiclayer/pgfcorepathconstruct.code.tex
File: pgfcorepathconstruct.code.tex 2023-01-15 v3.1.10 (3.1.10)
\pgf@path@lastx=\dimen185
\pgf@path@lasty=\dimen186
) (/usr/local/share/miktex-texmf/tex/generic/pgf/basiclayer/pgfcorepathusage.code.tex
File: pgfcorepathusage.code.tex 2023-01-15 v3.1.10 (3.1.10)
\pgf@shorten@end@additional=\dimen187
\pgf@shorten@start@additional=\dimen188
) (/usr/local/share/miktex-texmf/tex/generic/pgf/basiclayer/pgfcorescopes.code.tex
File: pgfcorescopes.code.tex 2023-01-15 v3.1.10 (3.1.10)
\pgfpic=\box55
\pgf@hbox=\box56
\pgf@layerbox@main=\box57
\pgf@picture@serial@count=\count306
) (/usr/local/share/miktex-texmf/tex/generic/pgf/basiclayer/pgfcoregraphicstate.code.tex
File: pgfcoregraphicstate.code.tex 2023-01-15 v3.1.10 (3.1.10)
\pgflinewidth=\dimen189
) (/usr/local/share/miktex-texmf/tex/generic/pgf/basiclayer/pgfcoretransformations.code.tex
File: pgfcoretransformations.code.tex 2023-01-15 v3.1.10 (3.1.10)
\pgf@pt@x=\dimen190
\pgf@pt@y=\dimen191
\pgf@pt@temp=\dimen192
) (/usr/local/share/miktex-texmf/tex/generic/pgf/basiclayer/pgfcorequick.code.tex
File: pgfcorequick.code.tex 2023-01-15 v3.1.10 (3.1.10)
) (/usr/local/share/miktex-texmf/tex/generic/pgf/basiclayer/pgfcoreobjects.code.tex
File: pgfcoreobjects.code.tex 2023-01-15 v3.1.10 (3.1.10)
) (/usr/local/share/miktex-texmf/tex/generic/pgf/basiclayer/pgfcorepathprocessing.code.tex
File: pgfcorepathprocessing.code.tex 2023-01-15 v3.1.10 (3.1.10)
) (/usr/local/share/miktex-texmf/tex/generic/pgf/basiclayer/pgfcorearrows.code.tex
File: pgfcorearrows.code.tex 2023-01-15 v3.1.10 (3.1.10)
\pgfarrowsep=\dimen193
) (/usr/local/share/miktex-texmf/tex/generic/pgf/basiclayer/pgfcoreshade.code.tex
File: pgfcoreshade.code.tex 2023-01-15 v3.1.10 (3.1.10)
\pgf@max=\dimen194
\pgf@sys@shading@range@num=\count307
\pgf@shadingcount=\count308
) (/usr/local/share/miktex-texmf/tex/generic/pgf/basiclayer/pgfcoreimage.code.tex
File: pgfcoreimage.code.tex 2023-01-15 v3.1.10 (3.1.10)
) (/usr/local/share/miktex-texmf/tex/generic/pgf/basiclayer/pgfcoreexternal.code.tex
File: pgfcoreexternal.code.tex 2023-01-15 v3.1.10 (3.1.10)
\pgfexternal@startupbox=\box58
) (/usr/local/share/miktex-texmf/tex/generic/pgf/basiclayer/pgfcorelayers.code.tex
File: pgfcorelayers.code.tex 2023-01-15 v3.1.10 (3.1.10)
) (/usr/local/share/miktex-texmf/tex/generic/pgf/basiclayer/pgfcoretransparency.code.tex
File: pgfcoretransparency.code.tex 2023-01-15 v3.1.10 (3.1.10)
) (/usr/local/share/miktex-texmf/tex/generic/pgf/basiclayer/pgfcorepatterns.code.tex
File: pgfcorepatterns.code.tex 2023-01-15 v3.1.10 (3.1.10)
) (/usr/local/share/miktex-texmf/tex/generic/pgf/basiclayer/pgfcorerdf.code.tex
File: pgfcorerdf.code.tex 2023-01-15 v3.1.10 (3.1.10)
))) (/usr/local/share/miktex-texmf/tex/generic/pgf/modules/pgfmoduleshapes.code.tex
File: pgfmoduleshapes.code.tex 2023-01-15 v3.1.10 (3.1.10)
\pgfnodeparttextbox=\box59
) (/usr/local/share/miktex-texmf/tex/generic/pgf/modules/pgfmoduleplot.code.tex
File: pgfmoduleplot.code.tex 2023-01-15 v3.1.10 (3.1.10)
) (/usr/local/share/miktex-texmf/tex/latex/pgf/compatibility/pgfcomp-version-0-65.sty
Package: pgfcomp-version-0-65 2023-01-15 v3.1.10 (3.1.10)
\pgf@nodesepstart=\dimen195
\pgf@nodesepend=\dimen196
) (/usr/local/share/miktex-texmf/tex/latex/pgf/compatibility/pgfcomp-version-1-18.sty
Package: pgfcomp-version-1-18 2023-01-15 v3.1.10 (3.1.10)
)) (/usr/local/share/miktex-texmf/tex/latex/pgf/utilities/pgffor.sty (/usr/local/share/miktex-texmf/tex/latex/pgf/utilities/pgfkeys.sty (/usr/local/share/miktex-texmf/tex/generic/pgf/utilities/pgfkeys.code.tex)) (/usr/local/share/miktex-texmf/tex/latex/pgf/math/pgfmath.sty (/usr/local/share/miktex-texmf/tex/generic/pgf/math/pgfmath.code.tex)) (/usr/local/share/miktex-texmf/tex/generic/pgf/utilities/pgffor.code.tex
Package: pgffor 2023-01-15 v3.1.10 (3.1.10)
\pgffor@iter=\dimen197
\pgffor@skip=\dimen198
\pgffor@stack=\toks29
\pgffor@toks=\toks30
)) (/usr/local/share/miktex-texmf/tex/generic/pgf/frontendlayer/tikz/tikz.code.tex
Package: tikz 2023-01-15 v3.1.10 (3.1.10)
 (/usr/local/share/miktex-texmf/tex/generic/pgf/libraries/pgflibraryplothandlers.code.tex
File: pgflibraryplothandlers.code.tex 2023-01-15 v3.1.10 (3.1.10)
\pgf@plot@mark@count=\count309
\pgfplotmarksize=\dimen199
)
\tikz@lastx=\dimen256
\tikz@lasty=\dimen257
\tikz@lastxsaved=\dimen258
\tikz@lastysaved=\dimen259
\tikz@lastmovetox=\dimen260
\tikz@lastmovetoy=\dimen261
\tikzleveldistance=\dimen262
\tikzsiblingdistance=\dimen263
\tikz@figbox=\box60
\tikz@figbox@bg=\box61
\tikz@tempbox=\box62
\tikz@tempbox@bg=\box63
\tikztreelevel=\count310
\tikznumberofchildren=\count311
\tikznumberofcurrentchild=\count312
\tikz@fig@count=\count313
 (/usr/local/share/miktex-texmf/tex/generic/pgf/modules/pgfmodulematrix.code.tex
File: pgfmodulematrix.code.tex 2023-01-15 v3.1.10 (3.1.10)
\pgfmatrixcurrentrow=\count314
\pgfmatrixcurrentcolumn=\count315
\pgf@matrix@numberofcolumns=\count316
)
\tikz@expandcount=\count317
 (/usr/local/share/miktex-texmf/tex/generic/pgf/frontendlayer/tikz/libraries/tikzlibrarytopaths.code.tex
File: tikzlibrarytopaths.code.tex 2023-01-15 v3.1.10 (3.1.10)
))) (/home/enrico/.miktex/texmfs/install/tex/latex/tikz-3dplot/tikz-3dplot.sty (/usr/local/share/miktex-texmf/tex/latex/base/ifthen.sty
Package: ifthen 2024/03/16 v1.1e Standard LaTeX ifthen package (DPC)
) (/usr/local/share/miktex-texmf/tex/generic/pgf/frontendlayer/tikz/libraries/tikzlibrarycalc.code.tex
File: tikzlibrarycalc.code.tex 2023-01-15 v3.1.10 (3.1.10)
) (/usr/local/share/miktex-texmf/tex/generic/pgf/frontendlayer/tikz/libraries/tikzlibrary3d.code.tex
File: tikzlibrary3d.code.tex 2023-01-15 v3.1.10 (3.1.10)
) (/usr/local/share/miktex-texmf/tex/generic/pgf/frontendlayer/tikz/libraries/tikzlibraryarrows.code.tex
File: tikzlibraryarrows.code.tex 2023-01-15 v3.1.10 (3.1.10)
 (/usr/local/share/miktex-texmf/tex/generic/pgf/libraries/pgflibraryarrows.code.tex
File: pgflibraryarrows.code.tex 2023-01-15 v3.1.10 (3.1.10)
\arrowsize=\dimen264
))) (/home/enrico/.miktex/texmfs/install/tex/latex/xstring/xstring.sty (/home/enrico/.miktex/texmfs/install/tex/generic/xstring/xstring.tex
\xs_counta=\count318
\xs_countb=\count319
)
Package: xstring 2023/08/22 v1.86 String manipulations (CT)
) (/home/enrico/.miktex/texmfs/install/tex/latex/listofitems/listofitems.sty (/home/enrico/.miktex/texmfs/install/tex/generic/listofitems/listofitems.tex
\loi_cnt_foreach_nest=\count320
\loi_nestcnt=\count321
)
Package: listofitems 2024/03/09 v1.65 Grab items in lists using user-specified sep char (CT)
) (/home/enrico/.miktex/texmfs/install/tex/latex/xpatch/xpatch.sty (/usr/local/share/miktex-texmf/tex/latex/l3kernel/expl3.sty
Package: expl3 2025-01-18 L3 programming layer (loader) 
 (/usr/local/share/miktex-texmf/tex/latex/l3backend/l3backend-pdftex.def
File: l3backend-pdftex.def 2024-05-08 L3 backend support: PDF output (pdfTeX)
\l__color_backend_stack_int=\count322
\l__pdf_internal_box=\box64
))
Package: xpatch 2020/03/25 v0.3a Extending etoolbox patching commands
 (/usr/local/share/miktex-texmf/tex/latex/l3packages/xparse/xparse.sty
Package: xparse 2024-08-16 L3 Experimental document command parser
) (/usr/local/share/miktex-texmf/tex/latex/etoolbox/etoolbox.sty
Package: etoolbox 2025/02/11 v2.5l e-TeX tools for LaTeX (JAW)
\etb@tempcnta=\count323
)) (/usr/local/share/miktex-texmf/tex/generic/pgf/frontendlayer/tikz/libraries/tikzlibrarybackgrounds.code.tex
File: tikzlibrarybackgrounds.code.tex 2023-01-15 v3.1.10 (3.1.10)
\pgf@layerbox@background=\box65
\pgf@layerboxsaved@background=\box66
) (/usr/local/share/miktex-texmf/tex/generic/pgf/frontendlayer/tikz/libraries/tikzlibrarymatrix.code.tex
File: tikzlibrarymatrix.code.tex 2023-01-15 v3.1.10 (3.1.10)
) (/usr/local/share/miktex-texmf/tex/generic/pgf/frontendlayer/tikz/libraries/tikzlibraryshapes.code.tex
File: tikzlibraryshapes.code.tex 2023-01-15 v3.1.10 (3.1.10)
 (/usr/local/share/miktex-texmf/tex/generic/pgf/frontendlayer/tikz/libraries/tikzlibraryshapes.geometric.code.tex
File: tikzlibraryshapes.geometric.code.tex 2023-01-15 v3.1.10 (3.1.10)
 (/usr/local/share/miktex-texmf/tex/generic/pgf/libraries/shapes/pgflibraryshapes.geometric.code.tex
File: pgflibraryshapes.geometric.code.tex 2023-01-15 v3.1.10 (3.1.10)
)) (/usr/local/share/miktex-texmf/tex/generic/pgf/frontendlayer/tikz/libraries/tikzlibraryshapes.misc.code.tex
File: tikzlibraryshapes.misc.code.tex 2023-01-15 v3.1.10 (3.1.10)
 (/usr/local/share/miktex-texmf/tex/generic/pgf/libraries/shapes/pgflibraryshapes.misc.code.tex
File: pgflibraryshapes.misc.code.tex 2023-01-15 v3.1.10 (3.1.10)
)) (/usr/local/share/miktex-texmf/tex/generic/pgf/frontendlayer/tikz/libraries/tikzlibraryshapes.symbols.code.tex
File: tikzlibraryshapes.symbols.code.tex 2023-01-15 v3.1.10 (3.1.10)
 (/usr/local/share/miktex-texmf/tex/generic/pgf/libraries/shapes/pgflibraryshapes.symbols.code.tex
File: pgflibraryshapes.symbols.code.tex 2023-01-15 v3.1.10 (3.1.10)
)) (/usr/local/share/miktex-texmf/tex/generic/pgf/frontendlayer/tikz/libraries/tikzlibraryshapes.arrows.code.tex
File: tikzlibraryshapes.arrows.code.tex 2023-01-15 v3.1.10 (3.1.10)
 (/usr/local/share/miktex-texmf/tex/generic/pgf/libraries/shapes/pgflibraryshapes.arrows.code.tex
File: pgflibraryshapes.arrows.code.tex 2023-01-15 v3.1.10 (3.1.10)
)) (/usr/local/share/miktex-texmf/tex/generic/pgf/frontendlayer/tikz/libraries/tikzlibraryshapes.callouts.code.tex (/usr/local/share/miktex-texmf/tex/generic/pgf/libraries/shapes/pgflibraryshapes.callouts.code.tex)) (/usr/local/share/miktex-texmf/tex/generic/pgf/frontendlayer/tikz/libraries/tikzlibraryshapes.multipart.code.tex
File: tikzlibraryshapes.multipart.code.tex 2023-01-15 v3.1.10 (3.1.10)
 (/usr/local/share/miktex-texmf/tex/generic/pgf/libraries/shapes/pgflibraryshapes.multipart.code.tex
File: pgflibraryshapes.multipart.code.tex 2023-01-15 v3.1.10 (3.1.10)
\pgfnodepartlowerbox=\box67
\pgfnodeparttwobox=\box68
\pgfnodepartthreebox=\box69
\pgfnodepartfourbox=\box70
\pgfnodeparttwentybox=\box71
\pgfnodepartnineteenbox=\box72
\pgfnodeparteighteenbox=\box73
\pgfnodepartseventeenbox=\box74
\pgfnodepartsixteenbox=\box75
\pgfnodepartfifteenbox=\box76
\pgfnodepartfourteenbox=\box77
\pgfnodepartthirteenbox=\box78
\pgfnodeparttwelvebox=\box79
\pgfnodepartelevenbox=\box80
\pgfnodeparttenbox=\box81
\pgfnodepartninebox=\box82
\pgfnodeparteightbox=\box83
\pgfnodepartsevenbox=\box84
\pgfnodepartsixbox=\box85
\pgfnodepartfivebox=\box86
))) (/usr/local/share/miktex-texmf/tex/generic/pgf/frontendlayer/tikz/libraries/tikzlibraryshadows.code.tex
File: tikzlibraryshadows.code.tex 2023-01-15 v3.1.10 (3.1.10)
 (/usr/local/share/miktex-texmf/tex/generic/pgf/frontendlayer/tikz/libraries/tikzlibraryfadings.code.tex
File: tikzlibraryfadings.code.tex 2023-01-15 v3.1.10 (3.1.10)
 (/usr/local/share/miktex-texmf/tex/generic/pgf/libraries/pgflibraryfadings.code.tex
File: pgflibraryfadings.code.tex 2023-01-15 v3.1.10 (3.1.10)
))) (/usr/local/share/miktex-texmf/tex/generic/pgf/frontendlayer/tikz/libraries/tikzlibrarydecorations.pathreplacing.code.tex (/usr/local/share/miktex-texmf/tex/generic/pgf/frontendlayer/tikz/libraries/tikzlibrarydecorations.code.tex (/usr/local/share/miktex-texmf/tex/generic/pgf/modules/pgfmoduledecorations.code.tex
\pgfdecoratedcompleteddistance=\dimen265
\pgfdecoratedremainingdistance=\dimen266
\pgfdecoratedinputsegmentcompleteddistance=\dimen267
\pgfdecoratedinputsegmentremainingdistance=\dimen268
\pgf@decorate@distancetomove=\dimen269
\pgf@decorate@repeatstate=\count324
\pgfdecorationsegmentamplitude=\dimen270
\pgfdecorationsegmentlength=\dimen271
)
\tikz@lib@dec@box=\box87
) (/usr/local/share/miktex-texmf/tex/generic/pgf/libraries/decorations/pgflibrarydecorations.pathreplacing.code.tex)) (/usr/local/share/miktex-texmf/tex/generic/pgf/frontendlayer/tikz/libraries/tikzlibrarydecorations.pathmorphing.code.tex (/usr/local/share/miktex-texmf/tex/generic/pgf/libraries/decorations/pgflibrarydecorations.pathmorphing.code.tex))
(/usr/local/share/miktex-texmf/tex/generic/pgf/frontendlayer/tikz/libraries/tikzlibrarypositioning.code.tex
File: tikzlibrarypositioning.code.tex 2023-01-15 v3.1.10 (3.1.10)
) (/usr/local/share/miktex-texmf/tex/generic/pgf/frontendlayer/tikz/libraries/tikzlibrarypatterns.code.tex
File: tikzlibrarypatterns.code.tex 2023-01-15 v3.1.10 (3.1.10)
 (/usr/local/share/miktex-texmf/tex/generic/pgf/libraries/pgflibrarypatterns.code.tex
File: pgflibrarypatterns.code.tex 2023-01-15 v3.1.10 (3.1.10)
)) (/usr/local/share/miktex-texmf/tex/generic/pgf/frontendlayer/tikz/libraries/tikzlibraryscopes.code.tex
File: tikzlibraryscopes.code.tex 2023-01-15 v3.1.10 (3.1.10)
) (/usr/local/share/miktex-texmf/tex/generic/pgf/frontendlayer/tikz/libraries/tikzlibraryangles.code.tex
File: tikzlibraryangles.code.tex 2023-01-15 v3.1.10 (3.1.10)
) (/home/enrico/.miktex/texmfs/install/tex/latex/hobby/tikzlibraryhobby.code.tex (/home/enrico/.miktex/texmfs/install/tex/latex/hobby/pgflibraryhobby.code.tex (/home/enrico/.miktex/texmfs/install/tex/latex/hobby/hobby.code.tex (/home/enrico/.miktex/texmfs/install/tex/latex/hobby/pml3array.sty
\l_array_base_int=\count325
\l_array_top_int=\count326
\l_array_tmp_int=\count327
\g_array_map_int=\count328
\g_array_base_int=\count329
)
\g__hobby_npoints_int=\count330
\g__hobby_draw_int=\count331
))) (/usr/local/share/miktex-texmf/tex/generic/pgf/frontendlayer/tikz/libraries/tikzlibrarymath.code.tex (/usr/local/share/miktex-texmf/tex/generic/pgf/frontendlayer/tikz/libraries/tikzlibraryfpu.code.tex (/usr/local/share/miktex-texmf/tex/generic/pgf/libraries/pgflibraryfpu.code.tex))
\tikz@math@for@depth=\count332
\tikz@math@dimen=\dimen272
\tikz@math@toks=\toks31
) (/usr/local/share/miktex-texmf/tex/generic/pgf/frontendlayer/tikz/libraries/tikzlibraryintersections.code.tex (/usr/local/share/miktex-texmf/tex/generic/pgf/libraries/pgflibraryintersections.code.tex
\pgf@intersect@solutions=\count333
)) (/usr/local/share/miktex-texmf/tex/generic/pgf/frontendlayer/tikz/libraries/tikzlibraryfit.code.tex
File: tikzlibraryfit.code.tex 2023-01-15 v3.1.10 (3.1.10)
) (/usr/local/share/miktex-texmf/tex/generic/pgf/libraries/pgflibraryarrows.meta.code.tex
File: pgflibraryarrows.meta.code.tex 2023-01-15 v3.1.10 (3.1.10)
\pgfarrowinset=\dimen273
\pgfarrowlength=\dimen274
\pgfarrowwidth=\dimen275
\pgfarrowlinewidth=\dimen276
)
\hatchspread=\skip58
\hatchthickness=\skip59
\hatchshift=\skip60
) (/usr/local/share/miktex-texmf/tex/latex/ragged2e/ragged2e.sty
Package: ragged2e 2023/06/22 v3.6 ragged2e Package
\CenteringLeftskip=\skip61
\RaggedLeftLeftskip=\skip62
\RaggedRightLeftskip=\skip63
\CenteringRightskip=\skip64
\RaggedLeftRightskip=\skip65
\RaggedRightRightskip=\skip66
\CenteringParfillskip=\skip67
\RaggedLeftParfillskip=\skip68
\RaggedRightParfillskip=\skip69
\JustifyingParfillskip=\skip70
\CenteringParindent=\skip71
\RaggedLeftParindent=\skip72
\RaggedRightParindent=\skip73
\JustifyingParindent=\skip74
) (/usr/local/share/miktex-texmf/tex/latex/amsmath/amsmath.sty
Package: amsmath 2024/11/05 v2.17t AMS math features
\@mathmargin=\skip75

For additional information on amsmath, use the `?' option.
(/usr/local/share/miktex-texmf/tex/latex/amsmath/amstext.sty
Package: amstext 2021/08/26 v2.01 AMS text
 (/usr/local/share/miktex-texmf/tex/latex/amsmath/amsgen.sty
File: amsgen.sty 1999/11/30 v2.0 generic functions
\@emptytoks=\toks32
\ex@=\dimen277
)) (/usr/local/share/miktex-texmf/tex/latex/amsmath/amsbsy.sty
Package: amsbsy 1999/11/29 v1.2d Bold Symbols
\pmbraise@=\dimen278
) (/usr/local/share/miktex-texmf/tex/latex/amsmath/amsopn.sty
Package: amsopn 2022/04/08 v2.04 operator names
)
\inf@bad=\count334
LaTeX Info: Redefining \frac on input line 233.
\uproot@=\count335
\leftroot@=\count336
LaTeX Info: Redefining \overline on input line 398.
LaTeX Info: Redefining \colon on input line 409.
\classnum@=\count337
\DOTSCASE@=\count338
LaTeX Info: Redefining \ldots on input line 495.
LaTeX Info: Redefining \dots on input line 498.
LaTeX Info: Redefining \cdots on input line 619.
\Mathstrutbox@=\box88
\strutbox@=\box89
LaTeX Info: Redefining \big on input line 721.
LaTeX Info: Redefining \Big on input line 722.
LaTeX Info: Redefining \bigg on input line 723.
LaTeX Info: Redefining \Bigg on input line 724.
\big@size=\dimen279
LaTeX Font Info:    Redeclaring font encoding OML on input line 742.
LaTeX Font Info:    Redeclaring font encoding OMS on input line 743.
\macc@depth=\count339
LaTeX Info: Redefining \bmod on input line 904.
LaTeX Info: Redefining \pmod on input line 909.
LaTeX Info: Redefining \smash on input line 939.
LaTeX Info: Redefining \relbar on input line 969.
LaTeX Info: Redefining \Relbar on input line 970.
\c@MaxMatrixCols=\count340
\dotsspace@=\muskip17
\c@parentequation=\count341
\dspbrk@lvl=\count342
\tag@help=\toks33
\row@=\count343
\column@=\count344
\maxfields@=\count345
\andhelp@=\toks34
\eqnshift@=\dimen280
\alignsep@=\dimen281
\tagshift@=\dimen282
\tagwidth@=\dimen283
\totwidth@=\dimen284
\lineht@=\dimen285
\@envbody=\toks35
\multlinegap=\skip76
\multlinetaggap=\skip77
\mathdisplay@stack=\toks36
LaTeX Info: Redefining \[ on input line 2953.
LaTeX Info: Redefining \] on input line 2954.
) (/usr/local/share/miktex-texmf/tex/latex/amsfonts/amsfonts.sty
Package: amsfonts 2013/01/14 v3.01 Basic AMSFonts support
\symAMSa=\mathgroup4
\symAMSb=\mathgroup5
LaTeX Font Info:    Redeclaring math symbol \hbar on input line 98.
LaTeX Font Info:    Overwriting math alphabet `\mathfrak' in version `bold'
(Font)                  U/euf/m/n --> U/euf/b/n on input line 106.
) (/usr/local/share/miktex-texmf/tex/latex/amsfonts/amssymb.sty
Package: amssymb 2013/01/14 v3.01 AMS font symbols
) (/home/enrico/.miktex/texmfs/install/tex/latex/slashbox/slashbox.sty
slashbox style by K.Yasuoka, May 1993.
\@slashboxa=\box90
\@slashboxb=\box91
\@slashboxc=\box92
\@slashboxwd=\count346
\@slashboxht=\count347
\@slashsepl=\dimen286
\@slashsepr=\dimen287
) (/usr/local/share/miktex-texmf/tex/latex/siunitx/siunitx.sty
Package: siunitx 2025-03-17 v3.4.7 A comprehensive (SI) units package
\l__siunitx_number_uncert_offset_int=\count348
\l__siunitx_number_exponent_fixed_int=\count349
\l__siunitx_number_min_decimal_int=\count350
\l__siunitx_number_min_integer_int=\count351
\l__siunitx_number_round_precision_int=\count352
\l__siunitx_number_lower_threshold_int=\count353
\l__siunitx_number_upper_threshold_int=\count354
\l__siunitx_number_group_first_int=\count355
\l__siunitx_number_group_size_int=\count356
\l__siunitx_number_group_minimum_int=\count357
\l__siunitx_angle_tmp_dim=\dimen288
\l__siunitx_angle_marker_box=\box93
\l__siunitx_angle_unit_box=\box94
\l__siunitx_compound_count_int=\count358
 (/home/enrico/.miktex/texmfs/install/tex/latex/translations/translations.sty
Package: translations 2022/02/05 v1.12 internationalization of LaTeX2e packages (CN)
 (/usr/local/share/miktex-texmf/tex/generic/pdftexcmds/pdftexcmds.sty
Package: pdftexcmds 2020-06-27 v0.33 Utility functions of pdfTeX for LuaTeX (HO)
 (/home/enrico/.miktex/texmfs/install/tex/generic/infwarerr/infwarerr.sty
Package: infwarerr 2019/12/03 v1.5 Providing info/warning/error messages (HO)
) (/usr/local/share/miktex-texmf/tex/generic/iftex/iftex.sty
Package: iftex 2024/12/12 v1.0g TeX engine tests
) (/home/enrico/.miktex/texmfs/install/tex/generic/ltxcmds/ltxcmds.sty
Package: ltxcmds 2023-12-04 v1.26 LaTeX kernel commands for general use (HO)
)
Package pdftexcmds Info: \pdf@primitive is available.
Package pdftexcmds Info: \pdf@ifprimitive is available.
Package pdftexcmds Info: \pdfdraftmode found.
))
\l__siunitx_table_tmp_box=\box95
\l__siunitx_table_tmp_dim=\dimen289
\l__siunitx_table_column_width_dim=\dimen290
\l__siunitx_table_integer_box=\box96
\l__siunitx_table_decimal_box=\box97
\l__siunitx_table_uncert_box=\box98
\l__siunitx_table_before_box=\box99
\l__siunitx_table_after_box=\box100
\l__siunitx_table_before_dim=\dimen291
\l__siunitx_table_carry_dim=\dimen292
\l__siunitx_unit_tmp_int=\count359
\l__siunitx_unit_position_int=\count360
\l__siunitx_unit_total_int=\count361
 (/usr/local/share/miktex-texmf/tex/latex/tools/array.sty
Package: array 2024/10/17 v2.6g Tabular extension package (FMi)
\col@sep=\dimen293
\ar@mcellbox=\box101
\extrarowheight=\dimen294
\NC@list=\toks37
\extratabsurround=\skip78
\backup@length=\skip79
\ar@cellbox=\box102
))

Package siunitx Info: Option "detect-all" has been deprecated in this release.
(siunitx)             
(siunitx)             Use "mode = match, propagate-math-font = true,
(siunitx)             reset-math-version = false, reset-text-family = false,
(siunitx)             reset-text-series = false, reset-text-shape = false,
(siunitx)             text-family-to-math = true, text-series-to-math = true"
(siunitx)             as a replacement.

 (/usr/local/share/miktex-texmf/tex/latex/hyperref/hyperref.sty
Package: hyperref 2024-11-05 v7.01l Hypertext links for LaTeX
 (/home/enrico/.miktex/texmfs/install/tex/latex/kvsetkeys/kvsetkeys.sty
Package: kvsetkeys 2022-10-05 v1.19 Key value parser (HO)
) (/home/enrico/.miktex/texmfs/install/tex/generic/kvdefinekeys/kvdefinekeys.sty
Package: kvdefinekeys 2019-12-19 v1.6 Define keys (HO)
) (/home/enrico/.miktex/texmfs/install/tex/generic/pdfescape/pdfescape.sty
Package: pdfescape 2019/12/09 v1.15 Implements pdfTeX's escape features (HO)
) (/home/enrico/.miktex/texmfs/install/tex/latex/hycolor/hycolor.sty
Package: hycolor 2020-01-27 v1.10 Color options for hyperref/bookmark (HO)
) (/usr/local/share/miktex-texmf/tex/latex/hyperref/nameref.sty
Package: nameref 2023-11-26 v2.56 Cross-referencing by name of section
 (/home/enrico/.miktex/texmfs/install/tex/latex/refcount/refcount.sty
Package: refcount 2019/12/15 v3.6 Data extraction from label references (HO)
) (/home/enrico/.miktex/texmfs/install/tex/generic/gettitlestring/gettitlestring.sty
Package: gettitlestring 2019/12/15 v1.6 Cleanup title references (HO)
 (/home/enrico/.miktex/texmfs/install/tex/latex/kvoptions/kvoptions.sty
Package: kvoptions 2022-06-15 v3.15 Key value format for package options (HO)
))
\c@section@level=\count362
) (/home/enrico/.miktex/texmfs/install/tex/generic/stringenc/stringenc.sty
Package: stringenc 2019/11/29 v1.12 Convert strings between diff. encodings (HO)
)
\@linkdim=\dimen295
\Hy@linkcounter=\count363
\Hy@pagecounter=\count364
 (/usr/local/share/miktex-texmf/tex/latex/hyperref/pd1enc.def
File: pd1enc.def 2024-11-05 v7.01l Hyperref: PDFDocEncoding definition (HO)
Now handling font encoding PD1 ...
... no UTF-8 mapping file for font encoding PD1
) (/home/enrico/.miktex/texmfs/install/tex/generic/intcalc/intcalc.sty
Package: intcalc 2019/12/15 v1.3 Expandable calculations with integers (HO)
)
\Hy@SavedSpaceFactor=\count365
 (/usr/local/share/miktex-texmf/tex/latex/hyperref/puenc.def
File: puenc.def 2024-11-05 v7.01l Hyperref: PDF Unicode definition (HO)
Now handling font encoding PU ...
... no UTF-8 mapping file for font encoding PU
)
Package hyperref Info: Hyper figures OFF on input line 4157.
Package hyperref Info: Link nesting OFF on input line 4162.
Package hyperref Info: Hyper index ON on input line 4165.
Package hyperref Info: Plain pages OFF on input line 4172.
Package hyperref Info: Backreferencing OFF on input line 4177.
Package hyperref Info: Implicit mode ON; LaTeX internals redefined.
Package hyperref Info: Bookmarks ON on input line 4424.
\c@Hy@tempcnt=\count366
 (/usr/local/share/miktex-texmf/tex/latex/url/url.sty
\Urlmuskip=\muskip18
Package: url 2013/09/16  ver 3.4  Verb mode for urls, etc.
)
LaTeX Info: Redefining \url on input line 4763.
\XeTeXLinkMargin=\dimen296
 (/home/enrico/.miktex/texmfs/install/tex/generic/bitset/bitset.sty
Package: bitset 2019/12/09 v1.3 Handle bit-vector datatype (HO)
 (/home/enrico/.miktex/texmfs/install/tex/generic/bigintcalc/bigintcalc.sty
Package: bigintcalc 2019/12/15 v1.5 Expandable calculations on big integers (HO)
))
\Fld@menulength=\count367
\Field@Width=\dimen297
\Fld@charsize=\dimen298
Package hyperref Info: Hyper figures OFF on input line 6042.
Package hyperref Info: Link nesting OFF on input line 6047.
Package hyperref Info: Hyper index ON on input line 6050.
Package hyperref Info: backreferencing OFF on input line 6057.
Package hyperref Info: Link coloring OFF on input line 6062.
Package hyperref Info: Link coloring with OCG OFF on input line 6067.
Package hyperref Info: PDF/A mode OFF on input line 6072.
 (/usr/local/share/miktex-texmf/tex/latex/base/atbegshi-ltx.sty
Package: atbegshi-ltx 2021/01/10 v1.0c Emulation of the original atbegshi
package with kernel methods
)
\Hy@abspage=\count368
\c@Item=\count369
\c@Hfootnote=\count370
)
Package hyperref Info: Driver (autodetected): hpdftex.
 (/usr/local/share/miktex-texmf/tex/latex/hyperref/hpdftex.def
File: hpdftex.def 2024-11-05 v7.01l Hyperref driver for pdfTeX
 (/usr/local/share/miktex-texmf/tex/latex/base/atveryend-ltx.sty
Package: atveryend-ltx 2020/08/19 v1.0a Emulation of the original atveryend package
with kernel methods
)
\Fld@listcount=\count371
\c@bookmark@seq@number=\count372
 (/home/enrico/.miktex/texmfs/install/tex/latex/rerunfilecheck/rerunfilecheck.sty
Package: rerunfilecheck 2022-07-10 v1.10 Rerun checks for auxiliary files (HO)
 (/home/enrico/.miktex/texmfs/install/tex/generic/uniquecounter/uniquecounter.sty
Package: uniquecounter 2019/12/15 v1.4 Provide unlimited unique counter (HO)
)
Package uniquecounter Info: New unique counter `rerunfilecheck' on input line 285.
)
\Hy@SectionHShift=\skip80
) (/home/enrico/.miktex/texmfs/install/tex/latex/float/float.sty
Package: float 2001/11/08 v1.3d Float enhancements (AL)
\c@float@type=\count373
\float@exts=\toks38
\float@box=\box103
\@float@everytoks=\toks39
\@floatcapt=\box104
) (/home/enrico/.miktex/texmfs/install/tex/latex/adjustbox/adjustbox.sty
Package: adjustbox 2025/02/26 v1.3c Adjusting TeX boxes (trim, clip, ...)
 (/usr/local/share/miktex-texmf/tex/latex/xkeyval/xkeyval.sty
Package: xkeyval 2022/06/16 v2.9 package option processing (HA)
 (/usr/local/share/miktex-texmf/tex/generic/xkeyval/xkeyval.tex (/usr/local/share/miktex-texmf/tex/generic/xkeyval/xkvutils.tex
\XKV@toks=\toks40
\XKV@tempa@toks=\toks41
)
\XKV@depth=\count374
File: xkeyval.tex 2014/12/03 v2.7a key=value parser (HA)
)) (/home/enrico/.miktex/texmfs/install/tex/latex/adjustbox/adjcalc.sty
Package: adjcalc 2012/05/16 v1.1 Provides advanced setlength with multiple back-ends (calc, etex, pgfmath)
) (/home/enrico/.miktex/texmfs/install/tex/latex/adjustbox/trimclip.sty
Package: trimclip 2025/02/21 v1.2a Trim and clip general TeX material
 (/home/enrico/.miktex/texmfs/install/tex/latex/collectbox/collectbox.sty
Package: collectbox 2022/10/17 v0.4c Collect macro arguments as boxes
\collectedbox=\box105
)
\tc@llx=\dimen299
\tc@lly=\dimen300
\tc@urx=\dimen301
\tc@ury=\dimen302
Package trimclip Info: Using driver 'tc-pdftex.def'.
 (/home/enrico/.miktex/texmfs/install/tex/latex/adjustbox/tc-pdftex.def
File: tc-pdftex.def 2025/02/26 v2.3 Clipping driver for pdftex
))
\adjbox@Width=\dimen303
\adjbox@Height=\dimen304
\adjbox@Depth=\dimen305
\adjbox@Totalheight=\dimen306
\adjbox@pwidth=\dimen307
\adjbox@pheight=\dimen308
\adjbox@pdepth=\dimen309
\adjbox@ptotalheight=\dimen310
 (/home/enrico/.miktex/texmfs/install/tex/latex/ifoddpage/ifoddpage.sty
Package: ifoddpage 2022/10/18 v1.2 Conditionals for odd/even page detection
\c@checkoddpage=\count375
) (/home/enrico/.miktex/texmfs/install/tex/latex/varwidth/varwidth.sty
Package: varwidth 2009/03/30 ver 0.92;  Variable-width minipages
\@vwid@box=\box106
\sift@deathcycles=\count376
\@vwid@loff=\dimen311
\@vwid@roff=\dimen312
)) (/home/enrico/.miktex/texmfs/install/tex/generic/genmisc/nth.sty
Package: nth 2002/02/27
) (/home/enrico/.miktex/texmfs/install/tex/latex/footmisc/footmisc.sty
Package: footmisc 2025/03/10 v7.0a a miscellany of footnote facilities
 (/home/enrico/.miktex/texmfs/install/tex/latex/footmisc/footmisc-2022-02-14.sty
Package: footmisc 2024/12/24 v6.0g a miscellany of footnote facilities
\FN@temptoken=\toks42
\footnotemargin=\dimen313
\@outputbox@depth=\dimen314
Package footmisc Info: Declaring symbol style bringhurst on input line 699.
Package footmisc Info: Declaring symbol style chicago on input line 707.
Package footmisc Info: Declaring symbol style wiley on input line 716.
Package footmisc Info: Declaring symbol style lamport-robust on input line 727.
Package footmisc Info: Declaring symbol style lamport* on input line 747.
Package footmisc Info: Declaring symbol style lamport*-robust on input line 768.
)) (/home/enrico/.miktex/texmfs/install/tex/latex/matlab-prettifier/matlab-prettifier.sty
Package: matlab-prettifier 2014/06/19 v0.3 A package for prettyprinting Matlab source code
 (/usr/local/share/miktex-texmf/tex/latex/base/textcomp.sty
Package: textcomp 2024/04/24 v2.1b Standard LaTeX package
) (/usr/local/share/miktex-texmf/tex/latex/listings/listings.sty
\lst@mode=\count377
\lst@gtempboxa=\box107
\lst@token=\toks43
\lst@length=\count378
\lst@currlwidth=\dimen315
\lst@column=\count379
\lst@pos=\count380
\lst@lostspace=\dimen316
\lst@width=\dimen317
\lst@newlines=\count381
\lst@lineno=\count382
\lst@maxwidth=\dimen318
 (/usr/local/share/miktex-texmf/tex/latex/listings/lstpatch.sty
File: lstpatch.sty 2024/09/23 1.10c (Carsten Heinz)
) (/usr/local/share/miktex-texmf/tex/latex/listings/lstmisc.sty
File: lstmisc.sty 2024/09/23 1.10c (Carsten Heinz)
\c@lstnumber=\count383
\lst@skipnumbers=\count384
\lst@framebox=\box108
) (/usr/local/share/miktex-texmf/tex/latex/listings/listings.cfg
File: listings.cfg 2024/09/23 1.10c listings configuration
))
Package: listings 2024/09/23 1.10c (Carsten Heinz)
\netBracketCount@mlpr=\count385
\blkLvl@mlpr=\count386
\blkLvlAtClassdef@mlpr=\count387
\emHeight@mlpr=\skip81
\jayDepth@mlpr=\skip82
\sectionRuleOffset@mlpr=\skip83
\toks@mlpr=\toks44
) (/usr/local/share/miktex-texmf/tex/latex/biblatex/biblatex.sty
Package: biblatex 2024/03/21 v3.20 programmable bibliographies (PK/MW)
 (/home/enrico/.miktex/texmfs/install/tex/latex/logreq/logreq.sty
Package: logreq 2010/08/04 v1.0 xml request logger
\lrq@indent=\count388
 (/home/enrico/.miktex/texmfs/install/tex/latex/logreq/logreq.def
File: logreq.def 2010/08/04 v1.0 logreq spec v1.0
))
\c@tabx@nest=\count389
\c@listtotal=\count390
\c@listcount=\count391
\c@liststart=\count392
\c@liststop=\count393
\c@citecount=\count394
\c@citetotal=\count395
\c@multicitecount=\count396
\c@multicitetotal=\count397
\c@instcount=\count398
\c@maxnames=\count399
\c@minnames=\count400
\c@maxitems=\count401
\c@minitems=\count402
\c@citecounter=\count403
\c@maxcitecounter=\count404
\c@savedcitecounter=\count405
\c@uniquelist=\count406
\c@uniquename=\count407
\c@refsection=\count408
\c@refsegment=\count409
\c@maxextratitle=\count410
\c@maxextratitleyear=\count411
\c@maxextraname=\count412
\c@maxextradate=\count413
\c@maxextraalpha=\count414
\c@abbrvpenalty=\count415
\c@highnamepenalty=\count416
\c@lownamepenalty=\count417
\c@maxparens=\count418
\c@parenlevel=\count419
\blx@tempcnta=\count420
\blx@tempcntb=\count421
\blx@tempcntc=\count422
\c@blx@maxsection=\count423
\blx@maxsegment@0=\count424
\blx@notetype=\count425
\blx@parenlevel@text=\count426
\blx@parenlevel@foot=\count427
\blx@sectionciteorder@0=\count428
\blx@sectionciteorderinternal@0=\count429
\blx@entrysetcounter=\count430
\blx@biblioinstance=\count431
\labelnumberwidth=\skip84
\labelalphawidth=\skip85
\biblabelsep=\skip86
\bibitemsep=\skip87
\bibnamesep=\skip88
\bibinitsep=\skip89
\bibparsep=\skip90
\bibhang=\skip91
\blx@bcfin=\read3
\blx@bcfout=\write4
\blx@langwohyphens=\language79
\c@mincomprange=\count432
\c@maxcomprange=\count433
\c@mincompwidth=\count434
Package biblatex Info: Trying to load biblatex default data model...
Package biblatex Info: ... file 'blx-dm.def' found.
 (/usr/local/share/miktex-texmf/tex/latex/biblatex/blx-dm.def
File: blx-dm.def 2024/03/21 v3.20 biblatex datamodel (PK/MW)
)
Package biblatex Info: Trying to load biblatex custom data model...
Package biblatex Info: ... file 'biblatex-dm.cfg' not found.
\c@afterword=\count435
\c@savedafterword=\count436
\c@annotator=\count437
\c@savedannotator=\count438
\c@author=\count439
\c@savedauthor=\count440
\c@bookauthor=\count441
\c@savedbookauthor=\count442
\c@commentator=\count443
\c@savedcommentator=\count444
\c@editor=\count445
\c@savededitor=\count446
\c@editora=\count447
\c@savededitora=\count448
\c@editorb=\count449
\c@savededitorb=\count450
\c@editorc=\count451
\c@savededitorc=\count452
\c@foreword=\count453
\c@savedforeword=\count454
\c@holder=\count455
\c@savedholder=\count456
\c@introduction=\count457
\c@savedintroduction=\count458
\c@namea=\count459
\c@savednamea=\count460
\c@nameb=\count461
\c@savednameb=\count462
\c@namec=\count463
\c@savednamec=\count464
\c@translator=\count465
\c@savedtranslator=\count466
\c@shortauthor=\count467
\c@savedshortauthor=\count468
\c@shorteditor=\count469
\c@savedshorteditor=\count470
\c@labelname=\count471
\c@savedlabelname=\count472
\c@institution=\count473
\c@savedinstitution=\count474
\c@lista=\count475
\c@savedlista=\count476
\c@listb=\count477
\c@savedlistb=\count478
\c@listc=\count479
\c@savedlistc=\count480
\c@listd=\count481
\c@savedlistd=\count482
\c@liste=\count483
\c@savedliste=\count484
\c@listf=\count485
\c@savedlistf=\count486
\c@location=\count487
\c@savedlocation=\count488
\c@organization=\count489
\c@savedorganization=\count490
\c@origlocation=\count491
\c@savedoriglocation=\count492
\c@origpublisher=\count493
\c@savedorigpublisher=\count494
\c@publisher=\count495
\c@savedpublisher=\count496
\c@language=\count497
\c@savedlanguage=\count498
\c@origlanguage=\count499
\c@savedoriglanguage=\count500
\c@pageref=\count501
\c@savedpageref=\count502
\shorthandwidth=\skip92
\shortjournalwidth=\skip93
\shortserieswidth=\skip94
\shorttitlewidth=\skip95
\shortauthorwidth=\skip96
\shorteditorwidth=\skip97
\locallabelnumberwidth=\skip98
\locallabelalphawidth=\skip99
\localshorthandwidth=\skip100
\localshortjournalwidth=\skip101
\localshortserieswidth=\skip102
\localshorttitlewidth=\skip103
\localshortauthorwidth=\skip104
\localshorteditorwidth=\skip105
Package biblatex Info: Trying to load compatibility code...
Package biblatex Info: ... file 'blx-compat.def' found.
 (/usr/local/share/miktex-texmf/tex/latex/biblatex/blx-compat.def
File: blx-compat.def 2024/03/21 v3.20 biblatex compatibility (PK/MW)
)
Package biblatex Info: Trying to load generic definitions...
Package biblatex Info: ... file 'biblatex.def' found.
 (/usr/local/share/miktex-texmf/tex/latex/biblatex/biblatex.def
File: biblatex.def 2024/03/21 v3.20 biblatex compatibility (PK/MW)
\c@textcitecount=\count503
\c@textcitetotal=\count504
\c@textcitemaxnames=\count505
\c@biburlbigbreakpenalty=\count506
\c@biburlbreakpenalty=\count507
\c@biburlnumpenalty=\count508
\c@biburlucpenalty=\count509
\c@biburllcpenalty=\count510
\biburlbigskip=\muskip19
\biburlnumskip=\muskip20
\biburlucskip=\muskip21
\biburllcskip=\muskip22
\c@smartand=\count511
)
Package biblatex Info: Trying to load bibliography style 'numeric'...
Package biblatex Info: ... file 'numeric.bbx' found.
 (/usr/local/share/miktex-texmf/tex/latex/biblatex/bbx/numeric.bbx
File: numeric.bbx 2024/03/21 v3.20 biblatex bibliography style (PK/MW)
Package biblatex Info: Trying to load bibliography style 'standard'...
Package biblatex Info: ... file 'standard.bbx' found.
 (/usr/local/share/miktex-texmf/tex/latex/biblatex/bbx/standard.bbx
File: standard.bbx 2024/03/21 v3.20 biblatex bibliography style (PK/MW)
\c@bbx:relatedcount=\count512
\c@bbx:relatedtotal=\count513
))
Package biblatex Info: Trying to load citation style 'numeric'...
Package biblatex Info: ... file 'numeric.cbx' found.
 (/usr/local/share/miktex-texmf/tex/latex/biblatex/cbx/numeric.cbx
File: numeric.cbx 2024/03/21 v3.20 biblatex citation style (PK/MW)
Package biblatex Info: Redefining '\cite'.
Package biblatex Info: Redefining '\parencite'.
Package biblatex Info: Redefining '\footcite'.
Package biblatex Info: Redefining '\footcitetext'.
Package biblatex Info: Redefining '\smartcite'.
Package biblatex Info: Redefining '\supercite'.
Package biblatex Info: Redefining '\textcite'.
Package biblatex Info: Redefining '\textcites'.
Package biblatex Info: Redefining '\cites'.
Package biblatex Info: Redefining '\parencites'.
Package biblatex Info: Redefining '\smartcites'.
)
Package biblatex Info: Trying to load configuration file...
Package biblatex Info: ... file 'biblatex.cfg' found.
 (/usr/local/share/miktex-texmf/tex/latex/biblatex/biblatex.cfg
File: biblatex.cfg 
)
Package biblatex Info: Input encoding 'utf8' detected.
Package biblatex Info: Document encoding is UTF8 ....
Package biblatex Info: ... and expl3
(biblatex)             2025-01-18 L3 programming layer (loader) 
(biblatex)             is new enough (at least 2020/04/06),
(biblatex)             setting 'casechanger=expl3'.
 (/usr/local/share/miktex-texmf/tex/latex/biblatex/blx-case-expl3.sty
Package: blx-case-expl3 2024/03/21 v3.20 expl3 case changing code for biblatex
)) (/usr/local/share/miktex-texmf/tex/generic/pgf/frontendlayer/tikz/libraries/tikzlibraryquotes.code.tex
File: tikzlibraryquotes.code.tex 2023-01-15 v3.1.10 (3.1.10)
)
Package translations Info: No language package found. I am going to use `english' as default language. on input line 33.
\@quotelevel=\count514
\@quotereset=\count515
 (main.aux)
\openout1 = `main.aux'.

LaTeX Font Info:    Checking defaults for OML/cmm/m/it on input line 33.
LaTeX Font Info:    ... okay on input line 33.
LaTeX Font Info:    Checking defaults for OMS/cmsy/m/n on input line 33.
LaTeX Font Info:    ... okay on input line 33.
LaTeX Font Info:    Checking defaults for OT1/cmr/m/n on input line 33.
LaTeX Font Info:    ... okay on input line 33.
LaTeX Font Info:    Checking defaults for T1/cmr/m/n on input line 33.
LaTeX Font Info:    ... okay on input line 33.
LaTeX Font Info:    Checking defaults for TS1/cmr/m/n on input line 33.
LaTeX Font Info:    ... okay on input line 33.
LaTeX Font Info:    Checking defaults for OMX/cmex/m/n on input line 33.
LaTeX Font Info:    ... okay on input line 33.
LaTeX Font Info:    Checking defaults for U/cmr/m/n on input line 33.
LaTeX Font Info:    ... okay on input line 33.
LaTeX Font Info:    Checking defaults for PD1/pdf/m/n on input line 33.
LaTeX Font Info:    ... okay on input line 33.
LaTeX Font Info:    Checking defaults for PU/pdf/m/n on input line 33.
LaTeX Font Info:    ... okay on input line 33.
 (/usr/local/share/miktex-texmf/tex/context/base/mkii/supp-pdf.mkii
[Loading MPS to PDF converter (version 2006.09.02).]
\scratchcounter=\count516
\scratchdimen=\dimen319
\scratchbox=\box109
\nofMPsegments=\count517
\nofMParguments=\count518
\everyMPshowfont=\toks45
\MPscratchCnt=\count519
\MPscratchDim=\dimen320
\MPnumerator=\count520
\makeMPintoPDFobject=\count521
\everyMPtoPDFconversion=\toks46
) (/usr/local/share/miktex-texmf/tex/latex/epstopdf-pkg/epstopdf-base.sty
Package: epstopdf-base 2020-01-24 v2.11 Base part for package epstopdf
Package epstopdf-base Info: Redefining graphics rule for `.eps' on input line 485.
 (/usr/local/share/miktex-texmf/tex/latex/00miktex/epstopdf-sys.cfg
File: epstopdf-sys.cfg 2021/03/18 v2.0 Configuration of epstopdf for MiKTeX
))
Package caption Info: Begin \AtBeginDocument code.
Package caption Info: subfig package v1.3 is loaded.
Package caption Info: float package is loaded.
Package caption Info: hyperref package is loaded.
Package caption Info: listings package is loaded.
Package caption Info: End \AtBeginDocument code.
 (/home/enrico/.miktex/texmfs/install/tex/latex/translations/dicts/translations-basic-dictionary-english.trsl
File: translations-basic-dictionary-english.trsl (english translation file `translations-basic-dictionary')
)
Package translations Info: loading dictionary `translations-basic-dictionary' for `english'. on input line 33.
Package hyperref Info: Link coloring OFF on input line 33.
 (main.out) (main.out)
\@outlinefile=\write5
\openout5 = `main.out'.

\c@lstlisting=\count522
Package biblatex Info: Trying to load language 'english'...
Package biblatex Info: ... file 'english.lbx' found.
 (/usr/local/share/miktex-texmf/tex/latex/biblatex/lbx/english.lbx
File: english.lbx 2024/03/21 v3.20 biblatex localization (PK/MW)
)
Package biblatex Info: Input encoding 'utf8' detected.
Package biblatex Info: Automatic encoding selection.
(biblatex)             Assuming data encoding 'utf8'.
\openout4 = `main.bcf'.

Package biblatex Info: Trying to load bibliographic data...
Package biblatex Info: ... file 'main.bbl' found.
 (main.bbl)
Package biblatex Info: Reference section=0 on input line 33.
Package biblatex Info: Reference segment=0 on input line 33.
LaTeX Font Info:    Trying to load font information for U+msa on input line 37.
 (/usr/local/share/miktex-texmf/tex/latex/amsfonts/umsa.fd
File: umsa.fd 2013/01/14 v3.01 AMS symbols A
)
LaTeX Font Info:    Trying to load font information for U+msb on input line 37.
 (/usr/local/share/miktex-texmf/tex/latex/amsfonts/umsb.fd
File: umsb.fd 2013/01/14 v3.01 AMS symbols B
)

[1

{/home/enrico/.miktex/texmfs/data/fonts/map/pdftex/pdftex.map}] (main.toc)
\tf@toc=\write6
\openout6 = `main.toc'.



[2]
<robot/robot_home_conf.jpg, id=165, 562.1pt x 421.575pt>
File: robot/robot_home_conf.jpg Graphic file (type jpg)
<use robot/robot_home_conf.jpg>
Package pdftex.def Info: robot/robot_home_conf.jpg  used on input line 52.
(pdftex.def)             Requested size: 172.5pt x 129.37462pt.
<robot/robot_home_conf_no_link.jpg, id=166, 562.1pt x 421.575pt>
File: robot/robot_home_conf_no_link.jpg Graphic file (type jpg)
<use robot/robot_home_conf_no_link.jpg>
Package pdftex.def Info: robot/robot_home_conf_no_link.jpg  used on input line 54.
(pdftex.def)             Requested size: 172.5pt x 129.37462pt.


[3 <./robot/robot_home_conf.jpg> <./robot/robot_home_conf_no_link.jpg>]
<robot/toolbox_ik.jpg, id=191, 562.1pt x 421.575pt>
File: robot/toolbox_ik.jpg Graphic file (type jpg)
<use robot/toolbox_ik.jpg>
Package pdftex.def Info: robot/toolbox_ik.jpg  used on input line 125.
(pdftex.def)             Requested size: 172.5pt x 129.37462pt.
<robot/my_ik.jpg, id=192, 562.1pt x 421.575pt>
File: robot/my_ik.jpg Graphic file (type jpg)
<use robot/my_ik.jpg>
Package pdftex.def Info: robot/my_ik.jpg  used on input line 127.
(pdftex.def)             Requested size: 172.5pt x 129.37462pt.

Underfull \hbox (badness 10000) in paragraph at lines 127--127
[]\OT1/cmr/m/n/8 (b) |In-verse kine-mat-ics us-ing equa-tions
 []



[4]
Overfull \hbox (12.14377pt too wide) detected at line 185
[][][]\OML/cmm/m/it/10 B\OT1/cmr/m/n/10 (\OML/cmm/m/it/10 q\OT1/cmr/m/n/10 ) = []
 []



[5 <./robot/toolbox_ik.jpg> <./robot/my_ik.jpg>]
Overfull \hbox (56.98756pt too wide) detected at line 195
[][][]\OML/cmm/m/it/10 C\OT1/cmr/m/n/10 (\OML/cmm/m/it/10 q; []\OT1/cmr/m/n/10 ) = []
 []



[6]
<param_estim/param_estim.jpg, id=237, 1003.75pt x 991.705pt>
File: param_estim/param_estim.jpg Graphic file (type jpg)
<use param_estim/param_estim.jpg>
Package pdftex.def Info: param_estim/param_estim.jpg  used on input line 237.
(pdftex.def)             Requested size: 301.12732pt x 297.5138pt.
<param_estim/param_estim_error.jpg, id=238, 1003.75pt x 991.705pt>
File: param_estim/param_estim_error.jpg Graphic file (type jpg)
<use param_estim/param_estim_error.jpg>
Package pdftex.def Info: param_estim/param_estim_error.jpg  used on input line 247.
(pdftex.def)             Requested size: 301.12732pt x 297.5138pt.


[7 <./param_estim/param_estim.jpg>]

[8 <./param_estim/param_estim_error.jpg>]

[9]
<schemes/joint_space_PD_with_gravity_comp/PD_with_g_compensation_scheme.pdf, id=264, 794.97pt x 614.295pt>
File: schemes/joint_space_PD_with_gravity_comp/PD_with_g_compensation_scheme.pdf Graphic file (type pdf)
<use schemes/joint_space_PD_with_gravity_comp/PD_with_g_compensation_scheme.pdf>
Package pdftex.def Info: schemes/joint_space_PD_with_gravity_comp/PD_with_g_compensation_scheme.pdf  used on input line 321.
(pdftex.def)             Requested size: 357.7332pt x 276.43019pt.
<schemes/joint_space_PD_with_gravity_comp/joints.jpg, id=265, 1003.75pt x 991.705pt>
File: schemes/joint_space_PD_with_gravity_comp/joints.jpg Graphic file (type jpg)
<use schemes/joint_space_PD_with_gravity_comp/joints.jpg>
Package pdftex.def Info: schemes/joint_space_PD_with_gravity_comp/joints.jpg  used on input line 330.
(pdftex.def)             Requested size: 150.556pt x 148.74933pt.
<schemes/joint_space_PD_with_gravity_comp/joints_wrong_g.jpg, id=266, 1003.75pt x 991.705pt>
File: schemes/joint_space_PD_with_gravity_comp/joints_wrong_g.jpg Graphic file (type jpg)
<use schemes/joint_space_PD_with_gravity_comp/joints_wrong_g.jpg>
Package pdftex.def Info: schemes/joint_space_PD_with_gravity_comp/joints_wrong_g.jpg  used on input line 331.
(pdftex.def)             Requested size: 150.556pt x 148.74933pt.
<schemes/joint_space_PD_with_gravity_comp/joints_g_of_q_d.jpg, id=267, 1003.75pt x 991.705pt>
File: schemes/joint_space_PD_with_gravity_comp/joints_g_of_q_d.jpg Graphic file (type jpg)
<use schemes/joint_space_PD_with_gravity_comp/joints_g_of_q_d.jpg>
Package pdftex.def Info: schemes/joint_space_PD_with_gravity_comp/joints_g_of_q_d.jpg  used on input line 332.
(pdftex.def)             Requested size: 150.556pt x 148.74933pt.

Overfull \hbox (51.98471pt too wide) in paragraph at lines 329--333
[]|  [][][][][][] 
 []



[10 <./schemes/joint_space_PD_with_gravity_comp/PD_with_g_compensation_scheme.pdf>]
<schemes/joint_space_PD_with_gravity_comp/joints_tracking.jpg, id=314, 1003.75pt x 991.705pt>
File: schemes/joint_space_PD_with_gravity_comp/joints_tracking.jpg Graphic file (type jpg)
<use schemes/joint_space_PD_with_gravity_comp/joints_tracking.jpg>
Package pdftex.def Info: schemes/joint_space_PD_with_gravity_comp/joints_tracking.jpg  used on input line 343.
(pdftex.def)             Requested size: 301.12732pt x 297.5138pt.


[11 <./schemes/joint_space_PD_with_gravity_comp/joints.jpg> <./schemes/joint_space_PD_with_gravity_comp/joints_wrong_g.jpg> <./schemes/joint_space_PD_with_gravity_comp/joints_g_of_q_d.jpg> <./schemes/joint_space_PD_with_gravity_comp/joints_tracking.jpg>]
<schemes/joint_space_inverse_dynamics/Inverse_dynamics_control.pdf, id=329, 794.97pt x 614.295pt>
File: schemes/joint_space_inverse_dynamics/Inverse_dynamics_control.pdf Graphic file (type pdf)
<use schemes/joint_space_inverse_dynamics/Inverse_dynamics_control.pdf>
Package pdftex.def Info: schemes/joint_space_inverse_dynamics/Inverse_dynamics_control.pdf  used on input line 368.
(pdftex.def)             Requested size: 357.7332pt x 276.43019pt.
<schemes/joint_space_inverse_dynamics/joints.jpg, id=330, 1003.75pt x 991.705pt>
File: schemes/joint_space_inverse_dynamics/joints.jpg Graphic file (type jpg)
<use schemes/joint_space_inverse_dynamics/joints.jpg>
Package pdftex.def Info: schemes/joint_space_inverse_dynamics/joints.jpg  used on input line 379.
(pdftex.def)             Requested size: 250.93689pt x 247.92564pt.
<schemes/joint_space_inverse_dynamics/joints_wrong_dynamics_matrices.jpg, id=331, 1003.75pt x 991.705pt>
File: schemes/joint_space_inverse_dynamics/joints_wrong_dynamics_matrices.jpg Graphic file (type jpg)
<use schemes/joint_space_inverse_dynamics/joints_wrong_dynamics_matrices.jpg>
Package pdftex.def Info: schemes/joint_space_inverse_dynamics/joints_wrong_dynamics_matrices.jpg  used on input line 380.
(pdftex.def)             Requested size: 250.93689pt x 247.92564pt.

Overfull \hbox (87.96411pt too wide) in paragraph at lines 378--381
[]|  [][][][] 
 []



[12 <./schemes/joint_space_inverse_dynamics/Inverse_dynamics_control.pdf>]
<schemes/op_space_PD_with_gravity_comp/PD_with_g_compensation_op_space_scheme.pdf, id=364, 794.97pt x 614.295pt>
File: schemes/op_space_PD_with_gravity_comp/PD_with_g_compensation_op_space_scheme.pdf Graphic file (type pdf)
<use schemes/op_space_PD_with_gravity_comp/PD_with_g_compensation_op_space_scheme.pdf>
Package pdftex.def Info: schemes/op_space_PD_with_gravity_comp/PD_with_g_compensation_op_space_scheme.pdf  used on input line 397.
(pdftex.def)             Requested size: 357.7332pt x 276.43019pt.


[13 <./schemes/joint_space_inverse_dynamics/joints.jpg> <./schemes/joint_space_inverse_dynamics/joints_wrong_dynamics_matrices.jpg>]
<schemes/op_space_PD_with_gravity_comp/joints.jpg, id=374, 1003.75pt x 991.705pt>
File: schemes/op_space_PD_with_gravity_comp/joints.jpg Graphic file (type jpg)
<use schemes/op_space_PD_with_gravity_comp/joints.jpg>
Package pdftex.def Info: schemes/op_space_PD_with_gravity_comp/joints.jpg  used on input line 407.
(pdftex.def)             Requested size: 301.12732pt x 297.5138pt.


[14 <./schemes/op_space_PD_with_gravity_comp/PD_with_g_compensation_op_space_scheme.pdf>]
<schemes/adaptive_control/adaptive_control_scheme.pdf, id=432, 794.97pt x 614.295pt>
File: schemes/adaptive_control/adaptive_control_scheme.pdf Graphic file (type pdf)
<use schemes/adaptive_control/adaptive_control_scheme.pdf>
Package pdftex.def Info: schemes/adaptive_control/adaptive_control_scheme.pdf  used on input line 430.
(pdftex.def)             Requested size: 357.7332pt x 276.43019pt.


[15 <./schemes/op_space_PD_with_gravity_comp/joints.jpg>]
Package epstopdf Info: Source file: <schemes/adaptive_control/joints.eps>
(epstopdf)                    date: 2025-03-15 12:06:41
(epstopdf)                    size: 293118 bytes
(epstopdf)             Output file: <schemes/adaptive_control/joints-eps-converted-to.pdf>
(epstopdf)                    date: 2025-03-24 17:09:53
(epstopdf)                    size: 104335 bytes
(epstopdf)             Command: <miktex-epstopdf --outfile=schemes/adaptive_control/joints-eps-converted-to.pdf schemes/adaptive_control/joints.eps>
(epstopdf)             \includegraphics on input line 440.
Package epstopdf Info: Output file is already uptodate.
<schemes/adaptive_control/joints-eps-converted-to.pdf, id=439, 752.8125pt x 250.9375pt>
File: schemes/adaptive_control/joints-eps-converted-to.pdf Graphic file (type pdf)
<use schemes/adaptive_control/joints-eps-converted-to.pdf>
Package pdftex.def Info: schemes/adaptive_control/joints-eps-converted-to.pdf  used on input line 440.
(pdftex.def)             Requested size: 263.48831pt x 87.82944pt.
Package epstopdf Info: Source file: <schemes/adaptive_control/joints_square_acc.eps>
(epstopdf)                    date: 2025-03-15 11:58:50
(epstopdf)                    size: 828613 bytes
(epstopdf)             Output file: <schemes/adaptive_control/joints_square_acc-eps-converted-to.pdf>
(epstopdf)                    date: 2025-03-24 17:13:21
(epstopdf)                    size: 265814 bytes
(epstopdf)             Command: <miktex-epstopdf --outfile=schemes/adaptive_control/joints_square_acc-eps-converted-to.pdf schemes/adaptive_control/joints_square_acc.eps>
(epstopdf)             \includegraphics on input line 441.
Package epstopdf Info: Output file is already uptodate.
<schemes/adaptive_control/joints_square_acc-eps-converted-to.pdf, id=440, 752.8125pt x 250.9375pt>
File: schemes/adaptive_control/joints_square_acc-eps-converted-to.pdf Graphic file (type pdf)
<use schemes/adaptive_control/joints_square_acc-eps-converted-to.pdf>
Package pdftex.def Info: schemes/adaptive_control/joints_square_acc-eps-converted-to.pdf  used on input line 441.
(pdftex.def)             Requested size: 263.48831pt x 87.82944pt.

Overfull \hbox (98.84058pt too wide) in paragraph at lines 439--442
[]|  [][][][] 
 []

<schemes/compliance_control/active_compliance_schema.pdf, id=441, 794.97pt x 614.295pt>
File: schemes/compliance_control/active_compliance_schema.pdf Graphic file (type pdf)
<use schemes/compliance_control/active_compliance_schema.pdf>
Package pdftex.def Info: schemes/compliance_control/active_compliance_schema.pdf  used on input line 458.
(pdftex.def)             Requested size: 357.7332pt x 276.43019pt.


[16 <./schemes/adaptive_control/adaptive_control_scheme.pdf> <./schemes/adaptive_control/joints-eps-converted-to.pdf> <./schemes/adaptive_control/joints_square_acc-eps-converted-to.pdf>]
<schemes/compliance_control/robot_and_env.jpg, id=500, 572.1375pt x 414.54875pt>
File: schemes/compliance_control/robot_and_env.jpg Graphic file (type jpg)
<use schemes/compliance_control/robot_and_env.jpg>
Package pdftex.def Info: schemes/compliance_control/robot_and_env.jpg  used on input line 468.
(pdftex.def)             Requested size: 171.64256pt x 124.36557pt.
<schemes/compliance_control/pose_force_plot_env.jpg, id=501, 1003.75pt x 991.705pt>
File: schemes/compliance_control/pose_force_plot_env.jpg Graphic file (type jpg)
<use schemes/compliance_control/pose_force_plot_env.jpg>
Package pdftex.def Info: schemes/compliance_control/pose_force_plot_env.jpg  used on input line 476.
(pdftex.def)             Requested size: 301.12732pt x 297.5138pt.
<schemes/compliance_control/pose_force_plot_env_low_envK.jpg, id=502, 1003.75pt x 991.705pt>
File: schemes/compliance_control/pose_force_plot_env_low_envK.jpg Graphic file (type jpg)
<use schemes/compliance_control/pose_force_plot_env_low_envK.jpg>
Package pdftex.def Info: schemes/compliance_control/pose_force_plot_env_low_envK.jpg  used on input line 477.
(pdftex.def)             Requested size: 301.12732pt x 297.5138pt.

Overfull \hbox (131.43945pt too wide) in paragraph at lines 475--478
[]|  [][][][] 
 []



[17 <./schemes/compliance_control/active_compliance_schema.pdf> <./schemes/compliance_control/robot_and_env.jpg>]
<schemes/impedance_control/impedance_control.pdf, id=534, 614.295pt x 794.97pt>
File: schemes/impedance_control/impedance_control.pdf Graphic file (type pdf)
<use schemes/impedance_control/impedance_control.pdf>
Package pdftex.def Info: schemes/impedance_control/impedance_control.pdf  used on input line 499.
(pdftex.def)             Requested size: 276.43019pt x 357.7332pt.


[18 <./schemes/compliance_control/pose_force_plot_env.jpg> <./schemes/compliance_control/pose_force_plot_env_low_envK.jpg>]
Package epstopdf Info: Source file: <schemes/impedance_control/position_high_Md_Kd.eps>
(epstopdf)                    date: 2025-06-24 16:17:04
(epstopdf)                    size: 355520 bytes
(epstopdf)             Output file: <schemes/impedance_control/position_high_Md_Kd-eps-converted-to.pdf>
(epstopdf)                    date: 2025-06-24 21:45:55
(epstopdf)                    size: 135702 bytes
(epstopdf)             Command: <miktex-epstopdf --outfile=schemes/impedance_control/position_high_Md_Kd-eps-converted-to.pdf schemes/impedance_control/position_high_Md_Kd.eps>
(epstopdf)             \includegraphics on input line 506.
Package epstopdf Info: Output file is already uptodate.
<schemes/impedance_control/position_high_Md_Kd-eps-converted-to.pdf, id=544, 752.8125pt x 674.52pt>
File: schemes/impedance_control/position_high_Md_Kd-eps-converted-to.pdf Graphic file (type pdf)
<use schemes/impedance_control/position_high_Md_Kd-eps-converted-to.pdf>
Package pdftex.def Info: schemes/impedance_control/position_high_Md_Kd-eps-converted-to.pdf  used on input line 506.
(pdftex.def)             Requested size: 263.48831pt x 236.08554pt.
Package epstopdf Info: Source file: <schemes/impedance_control/position_lower_Md_Kd.eps>
(epstopdf)                    date: 2025-06-24 19:06:03
(epstopdf)                    size: 354918 bytes
(epstopdf)             Output file: <schemes/impedance_control/position_lower_Md_Kd-eps-converted-to.pdf>
(epstopdf)                    date: 2025-06-24 21:45:56
(epstopdf)                    size: 135038 bytes
(epstopdf)             Command: <miktex-epstopdf --outfile=schemes/impedance_control/position_lower_Md_Kd-eps-converted-to.pdf schemes/impedance_control/position_lower_Md_Kd.eps>
(epstopdf)             \includegraphics on input line 507.
Package epstopdf Info: Output file is already uptodate.
<schemes/impedance_control/position_lower_Md_Kd-eps-converted-to.pdf, id=545, 752.8125pt x 674.52pt>
File: schemes/impedance_control/position_lower_Md_Kd-eps-converted-to.pdf Graphic file (type pdf)
<use schemes/impedance_control/position_lower_Md_Kd-eps-converted-to.pdf>
Package pdftex.def Info: schemes/impedance_control/position_lower_Md_Kd-eps-converted-to.pdf  used on input line 507.
(pdftex.def)             Requested size: 263.48831pt x 236.08554pt.

Overfull \hbox (98.84058pt too wide) in paragraph at lines 505--508
[]|  [][][][] 
 []



[19 <./schemes/impedance_control/impedance_control.pdf>]
<schemes/admittance_control/admittance_control_scheme.pdf, id=573, 794.97pt x 614.295pt>
File: schemes/admittance_control/admittance_control_scheme.pdf Graphic file (type pdf)
<use schemes/admittance_control/admittance_control_scheme.pdf>
Package pdftex.def Info: schemes/admittance_control/admittance_control_scheme.pdf  used on input line 520.
(pdftex.def)             Requested size: 357.7332pt x 276.43019pt.


[20 <./schemes/impedance_control/position_high_Md_Kd-eps-converted-to.pdf> <./schemes/impedance_control/position_lower_Md_Kd-eps-converted-to.pdf>]
<schemes/admittance_control/admittance_control_joints_and_force.jpg, id=595, 1003.75pt x 899.36pt>
File: schemes/admittance_control/admittance_control_joints_and_force.jpg Graphic file (type jpg)
<use schemes/admittance_control/admittance_control_joints_and_force.jpg>
Package pdftex.def Info: schemes/admittance_control/admittance_control_joints_and_force.jpg  used on input line 528.
(pdftex.def)             Requested size: 301.12732pt x 269.81007pt.
<schemes/admittance_control/admittance_control_joints_and_force_compliant.jpg, id=596, 1003.75pt x 899.36pt>
File: schemes/admittance_control/admittance_control_joints_and_force_compliant.jpg Graphic file (type jpg)
<use schemes/admittance_control/admittance_control_joints_and_force_compliant.jpg>
Package pdftex.def Info: schemes/admittance_control/admittance_control_joints_and_force_compliant.jpg  used on input line 529.
(pdftex.def)             Requested size: 301.12732pt x 269.81007pt.

Overfull \hbox (131.43945pt too wide) in paragraph at lines 527--530
[]|  [][][][] 
 []



[21 <./schemes/admittance_control/admittance_control_scheme.pdf>]
<schemes/force_control/force_control_scheme.pdf, id=623, 794.97pt x 614.295pt>
File: schemes/force_control/force_control_scheme.pdf Graphic file (type pdf)
<use schemes/force_control/force_control_scheme.pdf>
Package pdftex.def Info: schemes/force_control/force_control_scheme.pdf  used on input line 543.
(pdftex.def)             Requested size: 357.7332pt x 276.43019pt.


[22 <./schemes/admittance_control/admittance_control_joints_and_force.jpg> <./schemes/admittance_control/admittance_control_joints_and_force_compliant.jpg>]
Package epstopdf Info: Source file: <schemes/force_control/force.eps>
(epstopdf)                    date: 2025-03-15 20:52:13
(epstopdf)                    size: 37221 bytes
(epstopdf)             Output file: <schemes/force_control/force-eps-converted-to.pdf>
(epstopdf)                    date: 2025-05-14 16:53:55
(epstopdf)                    size: 12177 bytes
(epstopdf)             Command: <miktex-epstopdf --outfile=schemes/force_control/force-eps-converted-to.pdf schemes/force_control/force.eps>
(epstopdf)             \includegraphics on input line 551.
Package epstopdf Info: Output file is already uptodate.
<schemes/force_control/force-eps-converted-to.pdf, id=631, 752.8125pt x 250.9375pt>
File: schemes/force_control/force-eps-converted-to.pdf Graphic file (type pdf)
<use schemes/force_control/force-eps-converted-to.pdf>
Package pdftex.def Info: schemes/force_control/force-eps-converted-to.pdf  used on input line 551.
(pdftex.def)             Requested size: 301.11966pt x 100.37321pt.
Package epstopdf Info: Source file: <schemes/force_control/force_integrator.eps>
(epstopdf)                    date: 2025-03-15 20:45:07
(epstopdf)                    size: 37266 bytes
(epstopdf)             Output file: <schemes/force_control/force_integrator-eps-converted-to.pdf>
(epstopdf)                    date: 2025-05-14 16:56:10
(epstopdf)                    size: 13148 bytes
(epstopdf)             Command: <miktex-epstopdf --outfile=schemes/force_control/force_integrator-eps-converted-to.pdf schemes/force_control/force_integrator.eps>
(epstopdf)             \includegraphics on input line 552.
Package epstopdf Info: Output file is already uptodate.
<schemes/force_control/force_integrator-eps-converted-to.pdf, id=632, 752.8125pt x 250.9375pt>
File: schemes/force_control/force_integrator-eps-converted-to.pdf Graphic file (type pdf)
<use schemes/force_control/force_integrator-eps-converted-to.pdf>
Package pdftex.def Info: schemes/force_control/force_integrator-eps-converted-to.pdf  used on input line 552.
(pdftex.def)             Requested size: 301.11966pt x 100.37321pt.

Overfull \hbox (131.42413pt too wide) in paragraph at lines 550--553
[]|  [][][][] 
 []

Package epstopdf Info: Source file: <schemes/force_control/joint.eps>
(epstopdf)                    date: 2025-03-15 20:55:31
(epstopdf)                    size: 54339 bytes
(epstopdf)             Output file: <schemes/force_control/joint-eps-converted-to.pdf>
(epstopdf)                    date: 2025-05-14 18:08:51
(epstopdf)                    size: 17593 bytes
(epstopdf)             Command: <miktex-epstopdf --outfile=schemes/force_control/joint-eps-converted-to.pdf schemes/force_control/joint.eps>
(epstopdf)             \includegraphics on input line 560.
Package epstopdf Info: Output file is already uptodate.
<schemes/force_control/joint-eps-converted-to.pdf, id=633, 752.8125pt x 250.9375pt>
File: schemes/force_control/joint-eps-converted-to.pdf Graphic file (type pdf)
<use schemes/force_control/joint-eps-converted-to.pdf>
Package pdftex.def Info: schemes/force_control/joint-eps-converted-to.pdf  used on input line 560.
(pdftex.def)             Requested size: 301.11966pt x 100.37321pt.
Package epstopdf Info: Source file: <schemes/force_control/joint_integrator.eps>
(epstopdf)                    date: 2025-03-15 20:41:11
(epstopdf)                    size: 53881 bytes
(epstopdf)             Output file: <schemes/force_control/joint_integrator-eps-converted-to.pdf>
(epstopdf)                    date: 2025-05-14 18:08:51
(epstopdf)                    size: 19273 bytes
(epstopdf)             Command: <miktex-epstopdf --outfile=schemes/force_control/joint_integrator-eps-converted-to.pdf schemes/force_control/joint_integrator.eps>
(epstopdf)             \includegraphics on input line 561.
Package epstopdf Info: Output file is already uptodate.
<schemes/force_control/joint_integrator-eps-converted-to.pdf, id=634, 752.8125pt x 250.9375pt>
File: schemes/force_control/joint_integrator-eps-converted-to.pdf Graphic file (type pdf)
<use schemes/force_control/joint_integrator-eps-converted-to.pdf>
Package pdftex.def Info: schemes/force_control/joint_integrator-eps-converted-to.pdf  used on input line 561.
(pdftex.def)             Requested size: 301.11966pt x 100.37321pt.

Overfull \hbox (131.42413pt too wide) in paragraph at lines 559--562
[]|  [][][][] 
 []



[23 <./schemes/force_control/force_control_scheme.pdf> <./schemes/force_control/force-eps-converted-to.pdf> <./schemes/force_control/force_integrator-eps-converted-to.pdf>]
<schemes/force_position_control/parallel_force_position_control_scheme.pdf, id=672, 794.97pt x 614.295pt>
File: schemes/force_position_control/parallel_force_position_control_scheme.pdf Graphic file (type pdf)
<use schemes/force_position_control/parallel_force_position_control_scheme.pdf>
Package pdftex.def Info: schemes/force_position_control/parallel_force_position_control_scheme.pdf  used on input line 573.
(pdftex.def)             Requested size: 357.7332pt x 276.43019pt.
Package epstopdf Info: Source file: <schemes/force_position_control/force_position_30s.eps>
(epstopdf)                    date: 2025-03-16 18:10:00
(epstopdf)                    size: 1277527 bytes
(epstopdf)             Output file: <schemes/force_position_control/force_position_30s-eps-converted-to.pdf>
(epstopdf)                    date: 2025-05-14 18:27:52
(epstopdf)                    size: 388517 bytes
(epstopdf)             Command: <miktex-epstopdf --outfile=schemes/force_position_control/force_position_30s-eps-converted-to.pdf schemes/force_position_control/force_position_30s.eps>
(epstopdf)             \includegraphics on input line 580.
Package epstopdf Info: Output file is already uptodate.
<schemes/force_position_control/force_position_30s-eps-converted-to.pdf, id=673, 752.8125pt x 674.52pt>
File: schemes/force_position_control/force_position_30s-eps-converted-to.pdf Graphic file (type pdf)
<use schemes/force_position_control/force_position_30s-eps-converted-to.pdf>
Package pdftex.def Info: schemes/force_position_control/force_position_30s-eps-converted-to.pdf  used on input line 580.
(pdftex.def)             Requested size: 301.11966pt x 269.80322pt.
Package epstopdf Info: Source file: <schemes/force_position_control/force_position_integrator.eps>
(epstopdf)                    date: 2025-03-16 15:55:34
(epstopdf)                    size: 1275127 bytes
(epstopdf)             Output file: <schemes/force_position_control/force_position_integrator-eps-converted-to.pdf>
(epstopdf)                    date: 2025-05-14 18:27:01
(epstopdf)                    size: 384915 bytes
(epstopdf)             Command: <miktex-epstopdf --outfile=schemes/force_position_control/force_position_integrator-eps-converted-to.pdf schemes/force_position_control/force_position_integrator.eps>
(epstopdf)             \includegraphics on input line 581.
Package epstopdf Info: Output file is already uptodate.
<schemes/force_position_control/force_position_integrator-eps-converted-to.pdf, id=674, 752.8125pt x 674.52pt>
File: schemes/force_position_control/force_position_integrator-eps-converted-to.pdf Graphic file (type pdf)
<use schemes/force_position_control/force_position_integrator-eps-converted-to.pdf>
Package pdftex.def Info: schemes/force_position_control/force_position_integrator-eps-converted-to.pdf  used on input line 581.
(pdftex.def)             Requested size: 301.11966pt x 269.80322pt.

Overfull \hbox (131.42413pt too wide) in paragraph at lines 579--582
[]|  [][][][] 
 []



[24 <./schemes/force_control/joint-eps-converted-to.pdf> <./schemes/force_control/joint_integrator-eps-converted-to.pdf> <./schemes/force_position_control/parallel_force_position_control_scheme.pdf>]

[25 <./schemes/force_position_control/force_position_30s-eps-converted-to.pdf> <./schemes/force_position_control/force_position_integrator-eps-converted-to.pdf>] (main.aux)
 ***********
LaTeX2e <2024-11-01> patch level 2
L3 programming layer <2020/03/25>
 ***********
Package rerunfilecheck Info: File `main.out' has not changed.
(rerunfilecheck)             Checksum: 135679419D39DCFB3CBA429B0DA286CB;4236.
Package logreq Info: Writing requests to 'main.run.xml'.
\openout1 = `main.run.xml'.

 ) 
Here is how much of TeX's memory you used:
 42704 strings out of 473531
 907108 string characters out of 5722067
 1744623 words of memory out of 5000000
 65144 multiletter control sequences out of 15000+600000
 567405 words of font info for 69 fonts, out of 8000000 for 9000
 1141 hyphenation exceptions out of 8191
 99i,15n,118p,730b,1055s stack positions out of 10000i,1000n,20000p,200000b,200000s

pdfTeX warning (dest): name{https://github.com/bonoldie/ACS} has been referenced but does not exist, replaced by a fixed one

</usr/local/share/miktex-texmf/fonts/type1/public/amsfonts/cm/cmbx10.pfb></usr/local/share/miktex-texmf/fonts/type1/public/amsfonts/cm/cmbx12.pfb></usr/local/share/miktex-texmf/fonts/type1/public/amsfonts/cm/cmbxti10.pfb></usr/local/share/miktex-texmf/fonts/type1/public/amsfonts/cm/cmex10.pfb></usr/local/share/miktex-texmf/fonts/type1/public/amsfonts/cm/cmmi10.pfb></usr/local/share/miktex-texmf/fonts/type1/public/amsfonts/cm/cmmi5.pfb></usr/local/share/miktex-texmf/fonts/type1/public/amsfonts/cm/cmmi6.pfb></usr/local/share/miktex-texmf/fonts/type1/public/amsfonts/cm/cmmi7.pfb></usr/local/share/miktex-texmf/fonts/type1/public/amsfonts/cm/cmmi8.pfb></usr/local/share/miktex-texmf/fonts/type1/public/amsfonts/cm/cmr10.pfb></usr/local/share/miktex-texmf/fonts/type1/public/amsfonts/cm/cmr12.pfb></usr/local/share/miktex-texmf/fonts/type1/public/amsfonts/cm/cmr17.pfb></usr/local/share/miktex-texmf/fonts/type1/public/amsfonts/cm/cmr6.pfb></usr/local/share/miktex-texmf/fonts/type1/public/amsfonts/cm/cmr7.pfb></usr/local/share/miktex-texmf/fonts/type1/public/amsfonts/cm/cmr8.pfb></usr/local/share/miktex-texmf/fonts/type1/public/amsfonts/cm/cmsy10.pfb></usr/local/share/miktex-texmf/fonts/type1/public/amsfonts/cm/cmsy6.pfb></usr/local/share/miktex-texmf/fonts/type1/public/amsfonts/cm/cmsy7.pfb></usr/local/share/miktex-texmf/fonts/type1/public/amsfonts/cm/cmsy8.pfb></usr/local/share/miktex-texmf/fonts/type1/public/amsfonts/cm/cmti10.pfb></usr/local/share/miktex-texmf/fonts/type1/public/amsfonts/latxfont/line10.pfb></usr/local/share/miktex-texmf/fonts/type1/public/amsfonts/symbols/msam7.pfb>
Output written on main.pdf (25 pages, 5665536 bytes).
PDF statistics:
 859 PDF objects out of 1000 (max. 8388607)
 133 named destinations out of 1000 (max. 500000)
 486 words of extra memory for PDF output out of 10000 (max. 10000000)

